// Jest Snapshot v1, https://goo.gl/fbAQLP

exports[`actions should fetchAllData should create fetchAllData action 1`] = `
Object {
  "dbName": "dbName",
  "storeName": "storeName",
  "type": "app/sidebar/FETCH_ALL_DIRS",
}
`;

exports[`actions should fetchAllDataComplete should create fetchAllDataComplete action 1`] = `
Object {
  "data": Array [],
  "type": "app/sidebar/FETCH_ALL_DIRS_COMPLETE",
}
`;
